{{base_dir}}/failed_parsing/missing_first_op_2.c:2:12: Error: Expect valid expression
2 |     return <= 2;
  |            ^~

