{{base_dir}}/failed_parsing/missing_first_op.c:2:12: Error: Expect valid expression
2 |         return /3;
  |                ^

{{base_dir}}/failed_parsing/missing_first_op.c:2:14: Error: Expect end of the file
2 |         return /3;
  |                  ^

