{{base_dir}}/failed_parsing/missing_const.c:3:5: Error: Expect statement
3 |         10 <= !;
  |         ^~

{{base_dir}}/failed_parsing/missing_const.c:3:5: Error: Expect end of the file
3 |         10 <= !;
  |         ^~

