{{base_dir}}/failed_parsing/no_semicolon.c:3:1: Error: Expect ;
1 |     int main (void) {
2 |         return 0
3 |     }
  |     ^
4 |     

