{{base_dir}}/failed_parsing/switched_parens.c:1:10: Error: Expect (
1 | int main )( {
  |          ^

