{{base_dir}}/failed_parsing/unclosed_paren_2.c:3:14: Error: Expect )
3 |     return (1;
  |              ^

