{{base_dir}}/variables/failed/local_redefinition.c:4:7: Error: redefinition of 'x'
4 |   int x = 42;
  |       ^

{{base_dir}}/variables/failed/local_redefinition.c:5:5: Error: Expect end of the file
5 |   x = 42;
  |     ^

