{{filename}}:3:10: Error: Expect valid expression
3 |   if (1) int x = 10;
  |          ^~~

