{{filename}}:3:10: Error: Expect valid expression
3 |   if (5) int i = 0;
  |          ^~~

