{{filename}}:2:13: Error: Expect valid expression
2 |   while (1) int x = 0;
  |             ^~~

