{{filename}}:4:4: Error: expect "while"
4 |   }; while(1);
  |    ^

