{{filename}}:3:10: Error: Expect valid expression
3 |   if (0) else return 0;
  |          ^~~~

