{{filename}}:3:6: Error: expect '('
3 |   if 1 { return 1; }
  |      ^

