{{filename}}:2:5: Error: use of undeclared identifier 'RETURN'
2 |     RETURN 0;
  |     ^~~~~~

{{filename}}:2:12: Error: expect ';'
2 |     RETURN 0;
  |            ^

