{{filename}}:2:18: Error: Expect )
2 |     return 1 + (2;)
  |                  ^

