{{filename}}:2:12: Error: Expect valid expression
2 |     return /3;
  |            ^

