{{filename}}:1:1: Error: Expect keyword int
1 | main(void) {
  | ^~~~

