{{filename}}:2:17: Error: Expect ;
2 |     return 1 + 2);
  |                 ^

