{{filename}}:7:5: Error: Expect valid expression
7 |   } else {
  |     ^~~~

{{filename}}:10:1: Error: A type specifier is required for all declarations
10 | }
  | ^

