{{filename}}:1:12: Error: multiple storage classes in declaration specifiers
1 | static int extern foo(void) {
  |            ^~~~~~

