{{base_dir}}/failed_name_resolution/invalid_var_in_ternary.c:3:10: Error: use of undeclared identifier 'x'
3 |   return x > 0 ? 1 : 2;
  |          ^

