{{base_dir}}/failed_name_resolution/redefinition_inner.c:5:9: Error: redefinition of 'x'
5 |     int x = 42;
  |         ^

