{{filename}}:4:5: Error: use of undeclared identifier 'x'
4 |     x = 42;
  |     ^

