{{filename}}:5:9: Error: redefinition of 'x'
5 |     int x = 42;
  |         ^

