{{filename}}:3:10: Error: use of undeclared identifier 'x'
3 |   return x;
  |          ^

